nohup: ignoring input
2026-02-04 19:12:52,903 - INFO - ================================================================================
2026-02-04 19:12:52,903 - INFO - TRAINING SESSION - 2026-02-04T19:12:52.903300
2026-02-04 19:12:52,903 - INFO - Model: tier3
2026-02-04 19:12:52,903 - INFO - ================================================================================
2026-02-04 19:12:52,903 - INFO - 
Loading config: /home/swatson/work/MachineLearning/kaggle/DeepPastChallengeTranslateAkkadianEnglish/configs/model_seq2seq_tier3.yaml
2026-02-04 19:12:52,905 - WARNING - ⚠ Using CPU (GPU not available)
2026-02-04 19:12:52,905 - INFO - 
Loading data from data/processed/train_augmented_5x.csv...
2026-02-04 19:12:52,973 - INFO - ✓ Loaded 7804 samples
2026-02-04 19:12:52,973 - INFO - 
Building tokenizers...
2026-02-04 19:12:53,084 - INFO - ✓ Source vocab: 11540 tokens
2026-02-04 19:12:53,084 - INFO - ✓ Target vocab: 17937 tokens
2026-02-04 19:12:53,084 - INFO - 
Encoding data...
2026-02-04 19:12:53,456 - INFO - ✓ Data shape: torch.Size([7804, 256])
2026-02-04 19:12:53,456 - INFO - 
Creating model...
2026-02-04 19:12:53,529 - INFO - ✓ Model created
2026-02-04 19:12:53,529 - INFO -   - Embedding: 384 dim
2026-02-04 19:12:53,529 - INFO -   - LSTM: 2 layers x 512 hidden
2026-02-04 19:12:53,529 - INFO -   - Decoder: 1024 -> 17937
2026-02-04 19:12:53,934 - INFO - 
Training config:
2026-02-04 19:12:53,934 - INFO -   Batch size: 64
2026-02-04 19:12:53,934 - INFO -   Learning rate: 0.0005
2026-02-04 19:12:53,934 - INFO -   Epochs: 100
2026-02-04 19:12:53,934 - INFO -   Early stopping: 20 epochs
2026-02-04 19:12:53,934 - INFO -   Train samples: 6243
2026-02-04 19:12:53,934 - INFO -   Val samples: 1561
2026-02-04 19:12:53,934 - INFO - 
================================================================================
2026-02-04 19:12:53,934 - INFO - STARTING TRAINING (Annealing-Based Strategy)
2026-02-04 19:12:53,934 - INFO - ================================================================================
2026-02-04 19:12:53,934 - INFO -   Overfitting threshold: 1.5x (triggers annealing)
2026-02-04 19:12:53,934 - INFO -   Annealing patience: 50 epochs
2026-02-04 19:12:53,934 - INFO -   If no improvement after annealing, stop training
2026-02-04 19:12:53,934 - INFO - ================================================================================

Traceback (most recent call last):
  File "/home/swatson/work/MachineLearning/kaggle/DeepPastChallengeTranslateAkkadianEnglish/train.py", line 656, in <module>
    main()
    ~~~~^^
  File "/home/swatson/work/MachineLearning/kaggle/DeepPastChallengeTranslateAkkadianEnglish/train.py", line 548, in main
    train_loss = train_epoch(
        models, optimizer, criterion,
        (train_src, train_tgt), batch_size, device,
        use_tier2, copy_mechanism, lexicon_decoder
    )
  File "/home/swatson/work/MachineLearning/kaggle/DeepPastChallengeTranslateAkkadianEnglish/train.py", line 265, in train_epoch
    prev_embedded = embedding(prev_token)
  File "/home/swatson/miniconda3/lib/python3.13/site-packages/torch/nn/modules/module.py", line 1776, in _wrapped_call_impl
    return self._call_impl(*args, **kwargs)
           ~~~~~~~~~~~~~~~^^^^^^^^^^^^^^^^^
  File "/home/swatson/miniconda3/lib/python3.13/site-packages/torch/nn/modules/module.py", line 1787, in _call_impl
    return forward_call(*args, **kwargs)
  File "/home/swatson/miniconda3/lib/python3.13/site-packages/torch/nn/modules/sparse.py", line 191, in forward
    return F.embedding(
           ~~~~~~~~~~~^
        input,
        ^^^^^^
    ...<5 lines>...
        self.sparse,
        ^^^^^^^^^^^^
    )
    ^
  File "/home/swatson/miniconda3/lib/python3.13/site-packages/torch/nn/functional.py", line 2567, in embedding
    return torch.embedding(weight, input, padding_idx, scale_grad_by_freq, sparse)
           ~~~~~~~~~~~~~~~^^^^^^^^^^^^^^^^^^^^^^^^^^^^^^^^^^^^^^^^^^^^^^^^^^^^^^^^
IndexError: index out of range in self
